warning: profiles for the non root package will be ignored, specify profiles at the workspace root:
package:   /Users/mohtashimnawaz/Desktop/payfi/programs/verifier/Cargo.toml
workspace: /Users/mohtashimnawaz/Desktop/payfi/Cargo.toml
    Finished `release` profile [optimized] target(s) in 0.39s
warning: profiles for the non root package will be ignored, specify profiles at the workspace root:
package:   /Users/mohtashimnawaz/Desktop/payfi/programs/verifier/Cargo.toml
workspace: /Users/mohtashimnawaz/Desktop/payfi/Cargo.toml
    Finished `test` profile [unoptimized + debuginfo] target(s) in 0.40s
     Running unittests src/lib.rs (/Users/mohtashimnawaz/Desktop/payfi/target/debug/deps/payfi-0a49f32b51af9f49)

Running test suite: "/Users/mohtashimnawaz/Desktop/payfi/Anchor.toml"

yarn run v1.22.22
warning ../../package.json: No license field
$ /Users/mohtashimnawaz/Desktop/payfi/node_modules/.bin/ts-mocha -p ./tsconfig.json -t 1000000 'tests/**/*.ts'
RUN_DEVNET_SMOKE not set; skipping devnet smoke test.
Done in 0.67s.
